Ôû▓ Next.js 16.1.6 (Turbopack)
- Environments: .env

  Creating an optimized production build ...
node.exe : 
En línea: 1 Carácter: 1
+ & "C:\Program 
Files\nodejs/node.exe" 
"C:\Program 
Files\nodejs/node_mo ...
+ ~~~~~~~~~~~~~~~~~~~~~~~~~~~~~
~~~~~~~~~~~~~~~~~~~~~~~~~~~~~~~
~~~~~~~~~
    + CategoryInfo          :  
   NotSpecified: (:String) []  
  , RemoteException
    + FullyQualifiedErrorId :  
   NativeCommandError
 
> Build error occurred
Error: Turbopack build failed 
with 1 errors:
./src/app/layout.tsx:3:1
Module not found: Can't 
resolve 
'@/components/Providers'
[0m [90m 1 |[39m 
[36mimport[39m type { 
[33mMetadata[39m[33m,[39m 
[33mViewport[39m } 
[36mfrom[39m 
[32m"next"[39m[33m;[39m
 [90m 2 |[39m 
[36mimport[39m [32m"./global
s.css"[39m[33m;[39m
[31m[1m>[22m[39m[90m 3 
|[39m [36mimport[39m { 
[33mProviders[39m } 
[36mfrom[39m [32m"@/componen
ts/Providers"[39m[33m;[39m
 [90m   |[39m [31m[1m^[22m
[39m[31m[1m^[22m[39m[31m
[1m^[22m[39m[31m[1m^[22m[
39m[31m[1m^[22m[39m[31m[1
m^[22m[39m[31m[1m^[22m[39
m[31m[1m^[22m[39m[31m[1m^
[22m[39m[31m[1m^[22m[39m
[31m[1m^[22m[39m[31m[1m^[
22m[39m[31m[1m^[22m[39m[3
1m[1m^[22m[39m[31m[1m^[22
m[39m[31m[1m^[22m[39m[31m
[1m^[22m[39m[31m[1m^[22m
[39m[31m[1m^[22m[39m[31m[
1m^[22m[39m[31m[1m^[22m[3
9m[31m[1m^[22m[39m[31m[1m
^[22m[39m[31m[1m^[22m[39m
[31m[1m^[22m[39m[31m[1m^
[22m[39m[31m[1m^[22m[39m[
31m[1m^[22m[39m[31m[1m^[2
2m[39m[31m[1m^[22m[39m[31
m[1m^[22m[39m[31m[1m^[22m
[39m[31m[1m^[22m[39m[31m
[1m^[22m[39m[31m[1m^[22m[
39m[31m[1m^[22m[39m[31m[1
m^[22m[39m[31m[1m^[22m[39
m[31m[1m^[22m[39m[31m[1m^
[22m[39m[31m[1m^[22m[39m
[31m[1m^[22m[39m[31m[1m^[
22m[39m[31m[1m^[22m[39m[3
1m[1m^[22m[39m[31m[1m^[22
m[39m[31m[1m^[22m[39m[31m
[1m^[22m[39m[31m[1m^[22m
[39m[31m[1m^[22m[39m[31m[
1m^[22m[39m
 [90m 4 |[39m
 [90m 5 |[39m 
[36mexport[39m 
[36mconst[39m 
metadata[33m:[39m 
[33mMetadata[39m [33m=[39m 
{
 [90m 6 |[39m   
title[33m:[39m 
[32m"ButcherAI ÔÇö 
Carnicer├¡a Inteligente"[39m[
33m,[39m[0m

Import map: aliased to 
relative 
'./src/components/Providers' 
inside of [project]/


https://nextjs.org/docs/message
s/module-not-found


    at <unknown> 
(./src/app/layout.tsx:3:1)
    at <unknown> (https://nextj
s.org/docs/messages/module-not-
found)
